Microchip MPLAB XC8 Compiler V1.20 ()

Linker command line:

-W9 --edf=C:\Program Files (x86)\Microchip\xc8\v1.20\dat\en_msgs.txt -cs \
  -h+dist/K16/production\Klondike.X.production.sym \
  --cmf=dist/K16/production\Klondike.X.production.cmf -z -Q16LF1459 \
  -oC:\Users\Jojko\AppData\Local\Temp\s4qc.6 \
  -Mdist/K16/production/Klondike.X.production.map -E1 -ver=XC8 \
  -ACONST=00h-0FFhx32 -ACODE=00h-07FFhx4 -ASTRCODE=00h-01FFFh \
  -AENTRY=00h-0FFhx32 -ASTRING=00h-0FFhx32 -ACOMMON=070h-07Fh \
  -ABANK0=020h-06Fh -ABANK1=0A0h-0EFh -ABANK2=0120h-016Fh \
  -ABANK3=01A0h-01EFh -ABANK4=0220h-026Fh -ABANK5=02A0h-02EFh \
  -ABANK6=0320h-036Fh -ABANK7=03A0h-03EFh -ABANK8=0420h-046Fh \
  -ABANK9=04A0h-04EFh -ABANK10=0520h-056Fh -ABANK11=05A0h-05EFh \
  -ABANK12=0620h-064Fh -ABIGRAM=02000h-023EFh \
  -ARAM=020h-06Fh,0A0h-0EFh,0120h-016Fh,01A0h-01EFh,0220h-026Fh,02A0h-02EFh,0320h-036Fh,03A0h-03EFh,0420h-046Fh,04A0h-04EFh,0520h-056Fh,05A0h-05EFh,0620h-064Fh \
  -AABS1=020h-07Fh,0A0h-0EFh,0120h-016Fh,01A0h-01EFh,0220h-026Fh,02A0h-02EFh,0320h-036Fh,03A0h-03EFh,0420h-046Fh,04A0h-04EFh,0520h-056Fh,05A0h-05EFh,0620h-064Fh \
  -ASFR0=00h-01Fh -ASFR1=080h-09Fh -ASFR2=0100h-011Fh -ASFR3=0180h-019Fh \
  -ASFR4=0200h-021Fh -ASFR5=0280h-029Fh -ASFR6=0300h-031Fh \
  -ASFR7=0380h-039Fh -ASFR8=0400h-041Fh -ASFR9=0480h-049Fh \
  -ASFR10=0500h-051Fh -ASFR11=0580h-059Fh -ASFR12=0600h-061Fh \
  -ASFR13=0680h-06EFh -ASFR14=0700h-076Fh -ASFR15=0780h-07EFh \
  -ASFR16=0800h-086Fh -ASFR17=0880h-08EFh -ASFR18=0900h-096Fh \
  -ASFR19=0980h-09EFh -ASFR20=0A00h-0A6Fh -ASFR21=0A80h-0AEFh \
  -ASFR22=0B00h-0B6Fh -ASFR23=0B80h-0BEFh -ASFR24=0C00h-0C6Fh \
  -ASFR25=0C80h-0CEFh -ASFR26=0D00h-0D6Fh -ASFR27=0D80h-0DEFh \
  -ASFR28=0E00h-0E6Fh -ASFR29=0E80h-0EEFh -ASFR30=0F00h-0F6Fh \
  -ASFR31=0F80h-0FEFh -preset_vec=00h,intentry=04h,init,end_init \
  -ppowerup=CODE -pfunctab=CODE -ACONFIG=08007h-08008h -pconfig=CONFIG \
  -DCONFIG=2 -AIDLOC=08000h-08003h -pidloc=IDLOC -DIDLOC=2 -DCODE=2 \
  -DSTRCODE=2 -DSTRING=2 -DCONST=2 -DENTRY=2 -k \
  C:\Users\Jojko\AppData\Local\Temp\s4qc.obj \
  dist/K16/production\Klondike.X.production.obj 

Object code version is 3.11

Machine type is 16LF1459



                Name                               Link     Load   Length Selector   Space Scale
C:\Users\Jojko\AppData\Local\Temp\s4qc.obj
                end_init                             12       12        2        8       0
                reset_vec                             0        0        2        0       0
                config                             8007     8007        2    1000E       0
dist/K16/production\Klondike.X.production.obj
                intentry                              4        4        E        8       0
                text69                             1BDA     1BDA       1D     37B4       0
                text68                             1ACB     1ACB       11     3596       0
                text67                             1631     1631       93     2C62       0
                text66                              8AF      8AF       5B     115E       0
                text64                             10F1     10F1       61     21E2       0
                text63                              EFC      EFC      104     1DF8       0
                text62                              90A      90A       A9     1214       0
                text61                             1002     1002        1     2004       0
                text60                             1003     1003        1     2006       0
                text59                             1004     1004        1     2008       0
                text58                             1005     1005        1     200A       0
                text57                                2        2        1        0       0
                text56                              7FD      7FD        3        8       0
                text55                                3        3        1        6       0
                text54                             1DE3     1DE3       40     3BC6       0
                text53                             1CBA     1CBA       25     3974       0
                text52                             1E6B     1E6B       4E     3CD6       0
                text51                             1B86     1B86       1C     370C       0
                text50                             1DA4     1DA4       3F     3B48       0
                text49                             1B6B     1B6B       1B     36D6       0
                text48                             1BA2     1BA2       1C     3744       0
                text47                             1C76     1C76       22     38EC       0
                text46                             11B5     11B5       64     236A       0
                text45                             1514     1514       8E     2A28       0
                text44                             1EB9     1EB9       50     3D72       0
                text43                             1219     1219       79     2432       0
                text42                             1C15     1C15       20     382A       0
                text41                             15A2     15A2       8F     2B44       0
                text40                             1388     1388       7F     2710       0
                text39                             1F59     1F59       53     3EB2       0
                text38                              55B      55B      11B        8       0
                swtext1                            1800     1800       1A     3000       0
                text37                             1093     1093       5E     2126       0
                text36                             1F09     1F09       50     3E12       0
                text35                             1758     1758       A8     2EB0       0
                text34                             1D09     1D09       2D     3A12       0
                text33                             1152     1152       63     22A4       0
                text32                             130C     130C       7C     2618       0
                text31                              E05      E05       F7     1C0A       0
                text30                             1C98     1C98       22     3930       0
                text29                              C76      C76       C2     18EC       0
                text28                             1A9D     1A9D        9     353A       0
                text27                             148D     148D       87     291A       0
                text26                              414      414      147        8       0
                text25                             1E23     1E23       48     3C46       0
                text24                             1036     1036       5D     206C       0
                text23                             1FAC     1FAC       54     3F58       0
                text22                              B08      B08       B7     1610       0
                text21                             1BBE     1BBE       1C     377C       0
                text20                             1B26     1B26       17     364C       0
                text19                              BBF      BBF       B7     177E       0
                text18                             1CDF     1CDF       2A     39BE       0
                text17                             1006     1006       30     200C       0
                text16                             1D36     1D36       37     3A6C       0
                text15                              D38      D38       CD     1A70       0
                text14                             1C55     1C55       21     38AA       0
                text13                             1B00     1B00       13     3600       0
                text12                             1B13     1B13       13     3626       0
                text11                             1B3D     1B3D       17     367A       0
                text10                              A5C      A5C       AC     14B8       0
                text9                              16C4     16C4       94     2D88       0
                text8                              1D6D     1D6D       37     3ADA       0
                text7                                14       14      400        8       0
                text6                              1BF7     1BF7       1E     37EE       0
                text5                              1407     1407       86     280E       0
                text4                              1ADC     1ADC       12     35B8       0
                text3                               9B3      9B3       A9     1366       0
                text2                               676      676      119        8       0
                text1                              1292     1292       7A     2524       0
                maintext                           1B54     1B54       17     36A8       0
                cstackBANK0                          50       50       18       50       1
                cstackCOMMON                         70       70        E       70       1
                cstackBANK1                          A0       A0       4E       A0       1
                cstackBANK2                         15F      15F        B      120       1
                inittext                           1AA6     1AA6        C     354C       0
                clrtext                            1AB2     1AB2        C     3564       0
                dataBANK6                           340      340       20      320       1
                bssBANK6                            320      320       20      320       1
                bssBANK4                            260      260       10      260       1
                dataBANK3                           1CE      1CE       12      1A0       1
                bssBANK3                            1A0      1A0       2E      1A0       1
                dataBANK2                           152      152        D      120       1
                bssBANK2                            120      120       32      120       1
                bssBANK1                             EE       EE        2       A0       1
                bssBANK0                             68       68        8       50       1
                cinit                               78F      78F       6E        8       0
                nvBANK3                             1E0      1E0        1      1A0       1
                nvBANK2                             16A      16A        3      120       1
                strings                             800      800       AF     1000       0
                idataBANK6                         1C35     1C35       20     386A       0
                idataBANK3                         1AEE     1AEE       12     35DC       0
                idataBANK2                         1ABE     1ABE        D     357C       0

TOTAL           Name                               Link     Load   Length     Space
        CLASS   CONST          
                swtext1                            1800     1800       1A         0

        CLASS   CODE           
                end_init                             12       12        2         0
                intentry                              4        4        E         0
                reset_vec                             0        0        2         0
                text69                             1BDA     1BDA       1D         0
                text68                             1ACB     1ACB       11         0
                text67                             1631     1631       93         0
                text66                              8AF      8AF       5B         0
                text64                             10F1     10F1       61         0
                text63                              EFC      EFC      104         0
                text62                              90A      90A       A9         0
                text61                             1002     1002        1         0
                text60                             1003     1003        1         0
                text59                             1004     1004        1         0
                text58                             1005     1005        1         0
                text57                                2        2        1         0
                text56                              7FD      7FD        3         0
                text55                                3        3        1         0
                text54                             1DE3     1DE3       40         0
                text53                             1CBA     1CBA       25         0
                text52                             1E6B     1E6B       4E         0
                text51                             1B86     1B86       1C         0
                text50                             1DA4     1DA4       3F         0
                text49                             1B6B     1B6B       1B         0
                text48                             1BA2     1BA2       1C         0
                text47                             1C76     1C76       22         0
                text46                             11B5     11B5       64         0
                text45                             1514     1514       8E         0
                text44                             1EB9     1EB9       50         0
                text43                             1219     1219       79         0
                text42                             1C15     1C15       20         0
                text41                             15A2     15A2       8F         0
                text40                             1388     1388       7F         0
                text39                             1F59     1F59       53         0
                text38                              55B      55B      11B         0
                text37                             1093     1093       5E         0
                text36                             1F09     1F09       50         0
                text35                             1758     1758       A8         0
                text34                             1D09     1D09       2D         0
                text33                             1152     1152       63         0
                text32                             130C     130C       7C         0
                text31                              E05      E05       F7         0
                text30                             1C98     1C98       22         0
                text29                              C76      C76       C2         0
                text28                             1A9D     1A9D        9         0
                text27                             148D     148D       87         0
                text26                              414      414      147         0
                text25                             1E23     1E23       48         0
                text24                             1036     1036       5D         0
                text23                             1FAC     1FAC       54         0
                text22                              B08      B08       B7         0
                text21                             1BBE     1BBE       1C         0
                text20                             1B26     1B26       17         0
                text19                              BBF      BBF       B7         0
                text18                             1CDF     1CDF       2A         0
                text17                             1006     1006       30         0
                text16                             1D36     1D36       37         0
                text15                              D38      D38       CD         0
                text14                             1C55     1C55       21         0
                text13                             1B00     1B00       13         0
                text12                             1B13     1B13       13         0
                text11                             1B3D     1B3D       17         0
                text10                              A5C      A5C       AC         0
                text9                              16C4     16C4       94         0
                text8                              1D6D     1D6D       37         0
                text7                                14       14      400         0
                text6                              1BF7     1BF7       1E         0
                text5                              1407     1407       86         0
                text4                              1ADC     1ADC       12         0
                text3                               9B3      9B3       A9         0
                text2                               676      676      119         0
                text1                              1292     1292       7A         0
                maintext                           1B54     1B54       17         0
                inittext                           1AA6     1AA6        C         0
                clrtext                            1AB2     1AB2        C         0
                cinit                               78F      78F       6E         0
                idataBANK6                         1C35     1C35       20         0
                idataBANK3                         1AEE     1AEE       12         0
                idataBANK2                         1ABE     1ABE        D         0

        CLASS   STRCODE        

        CLASS   ENTRY          

        CLASS   STRING         
                strings                             800      800       AF         0

        CLASS   COMMON         
                cstackCOMMON                         70       70        E         1

        CLASS   BANK0          
                cstackBANK0                          50       50       18         1
                bssBANK0                             68       68        8         1

        CLASS   BANK1          
                cstackBANK1                          A0       A0       4E         1
                bssBANK1                             EE       EE        2         1

        CLASS   BANK2          
                cstackBANK2                         15F      15F        B         1
                dataBANK2                           152      152        D         1
                bssBANK2                            120      120       32         1
                nvBANK2                             16A      16A        3         1

        CLASS   BANK3          
                dataBANK3                           1CE      1CE       12         1
                bssBANK3                            1A0      1A0       2E         1
                nvBANK3                             1E0      1E0        1         1

        CLASS   BANK4          
                bssBANK4                            260      260       10         1

        CLASS   BANK5          

        CLASS   BANK6          
                dataBANK6                           340      340       20         1
                bssBANK6                            320      320       20         1

        CLASS   BANK7          

        CLASS   BANK8          

        CLASS   BANK9          

        CLASS   BANK10         

        CLASS   BANK11         

        CLASS   BANK12         

        CLASS   BIGRAM         

        CLASS   RAM            

        CLASS   ABS1           
                abs_s1                               20       20       30         1
                abs_s1                               7E       7E        2         1
                abs_s1                              220      220       40         1
                abs_s1                              2A0      2A0       40         1
                abs_s1                              428      428       48         1
                abs_s1                              4A0      4A0       50         1
                abs_s1                              520      520       50         1
                abs_s1                              5A0      5A0       50         1
                abs_s1                              620      620       30         1
                abs_s1                             2288     2288        0         1

        CLASS   SFR0           

        CLASS   SFR1           

        CLASS   SFR2           

        CLASS   SFR3           

        CLASS   SFR4           

        CLASS   SFR5           

        CLASS   SFR6           

        CLASS   SFR7           

        CLASS   SFR8           

        CLASS   SFR9           

        CLASS   SFR10          

        CLASS   SFR11          

        CLASS   SFR12          

        CLASS   SFR13          

        CLASS   SFR14          

        CLASS   SFR15          

        CLASS   SFR16          

        CLASS   SFR17          

        CLASS   SFR18          

        CLASS   SFR19          

        CLASS   SFR20          

        CLASS   SFR21          

        CLASS   SFR22          

        CLASS   SFR23          

        CLASS   SFR24          

        CLASS   SFR25          

        CLASS   SFR26          

        CLASS   SFR27          

        CLASS   SFR28          

        CLASS   SFR29          

        CLASS   SFR30          

        CLASS   SFR31          

        CLASS   CONFIG         
                config                             8007     8007        2         0

        CLASS   IDLOC          

        CLASS   BANK31         

        CLASS   BANK30         

        CLASS   BANK29         

        CLASS   BANK28         

        CLASS   BANK27         

        CLASS   BANK26         

        CLASS   BANK25         

        CLASS   BANK24         

        CLASS   BANK23         

        CLASS   BANK22         

        CLASS   BANK21         

        CLASS   BANK20         

        CLASS   BANK19         

        CLASS   BANK18         

        CLASS   BANK17         

        CLASS   BANK16         

        CLASS   BANK15         

        CLASS   BANK14         

        CLASS   BANK13         

        CLASS   EEDATA         



SEGMENTS        Name                           Load    Length   Top    Selector   Space  Class     Delta

                reset_vec                      000000  000003  000003         0       0  CODE        2
                text55                         000003  000001  000004         6       0  CODE        2
                intentry                       000004  0007FC  000800         8       0  CODE        2
                cstackBANK0                    000050  000020  000070        50       1  BANK0       1
                cstackCOMMON                   000070  00000E  00007E        70       1  COMMON      1
                cstackBANK1                    0000A0  000050  0000F0        A0       1  BANK1       1
                bssBANK2                       000120  00004D  00016D       120       1  BANK2       1
                bssBANK3                       0001A0  000041  0001E1       1A0       1  BANK3       1
                bssBANK4                       000260  000010  000270       260       1  BANK4       1
                bssBANK6                       000320  000040  000360       320       1  BANK6       1
                strings                        000800  0000AF  0008AF      1000       0  STRING      2
                text66                         0008AF  00005B  00090A      115E       0  CODE        2
                text62                         00090A  0000A9  0009B3      1214       0  CODE        2
                text3                          0009B3  0000A9  000A5C      1366       0  CODE        2
                text10                         000A5C  0000AC  000B08      14B8       0  CODE        2
                text22                         000B08  0000B7  000BBF      1610       0  CODE        2
                text19                         000BBF  0000B7  000C76      177E       0  CODE        2
                text29                         000C76  0000C2  000D38      18EC       0  CODE        2
                text15                         000D38  0000CD  000E05      1A70       0  CODE        2
                text31                         000E05  0000F7  000EFC      1C0A       0  CODE        2
                text63                         000EFC  000104  001000      1DF8       0  CODE        2
                text61                         001002  000001  001003      2004       0  CODE        2
                text60                         001003  000001  001004      2006       0  CODE        2
                text59                         001004  000001  001005      2008       0  CODE        2
                text58                         001005  000001  001006      200A       0  CODE        2
                text17                         001006  000030  001036      200C       0  CODE        2
                text24                         001036  00005D  001093      206C       0  CODE        2
                text37                         001093  00005E  0010F1      2126       0  CODE        2
                text64                         0010F1  000061  001152      21E2       0  CODE        2
                text33                         001152  000063  0011B5      22A4       0  CODE        2
                text46                         0011B5  000064  001219      236A       0  CODE        2
                text43                         001219  000079  001292      2432       0  CODE        2
                text1                          001292  00007A  00130C      2524       0  CODE        2
                text32                         00130C  00007C  001388      2618       0  CODE        2
                text40                         001388  00007F  001407      2710       0  CODE        2
                text5                          001407  000086  00148D      280E       0  CODE        2
                text27                         00148D  000087  001514      291A       0  CODE        2
                text45                         001514  00008E  0015A2      2A28       0  CODE        2
                text41                         0015A2  00008F  001631      2B44       0  CODE        2
                text67                         001631  000093  0016C4      2C62       0  CODE        2
                text9                          0016C4  000094  001758      2D88       0  CODE        2
                text35                         001758  0000A8  001800      2EB0       0  CODE        2
                swtext1                        001800  00001A  00181A      3000       0  CONST       2
                text28                         001A9D  000009  001AA6      353A       0  CODE        2
                inittext                       001AA6  00000C  001AB2      354C       0  CODE        2
                clrtext                        001AB2  00000C  001ABE      3564       0  CODE        2
                idataBANK2                     001ABE  00000D  001ACB      357C       0  CODE        2
                text68                         001ACB  000011  001ADC      3596       0  CODE        2
                text4                          001ADC  000012  001AEE      35B8       0  CODE        2
                idataBANK3                     001AEE  000012  001B00      35DC       0  CODE        2
                text13                         001B00  000013  001B13      3600       0  CODE        2
                text12                         001B13  000013  001B26      3626       0  CODE        2
                text20                         001B26  000017  001B3D      364C       0  CODE        2
                text11                         001B3D  000017  001B54      367A       0  CODE        2
                maintext                       001B54  000017  001B6B      36A8       0  CODE        2
                text49                         001B6B  00001B  001B86      36D6       0  CODE        2
                text51                         001B86  00001C  001BA2      370C       0  CODE        2
                text48                         001BA2  00001C  001BBE      3744       0  CODE        2
                text21                         001BBE  00001C  001BDA      377C       0  CODE        2
                text69                         001BDA  00001D  001BF7      37B4       0  CODE        2
                text6                          001BF7  00001E  001C15      37EE       0  CODE        2
                text42                         001C15  000020  001C35      382A       0  CODE        2
                idataBANK6                     001C35  000020  001C55      386A       0  CODE        2
                text14                         001C55  000021  001C76      38AA       0  CODE        2
                text47                         001C76  000022  001C98      38EC       0  CODE        2
                text30                         001C98  000022  001CBA      3930       0  CODE        2
                text53                         001CBA  000025  001CDF      3974       0  CODE        2
                text18                         001CDF  00002A  001D09      39BE       0  CODE        2
                text34                         001D09  00002D  001D36      3A12       0  CODE        2
                text16                         001D36  000037  001D6D      3A6C       0  CODE        2
                text8                          001D6D  000037  001DA4      3ADA       0  CODE        2
                text50                         001DA4  00003F  001DE3      3B48       0  CODE        2
                text54                         001DE3  000040  001E23      3BC6       0  CODE        2
                text25                         001E23  000048  001E6B      3C46       0  CODE        2
                text52                         001E6B  00004E  001EB9      3CD6       0  CODE        2
                text44                         001EB9  000050  001F09      3D72       0  CODE        2
                text36                         001F09  000050  001F59      3E12       0  CODE        2
                text39                         001F59  000053  001FAC      3EB2       0  CODE        2
                text23                         001FAC  000054  002000      3F58       0  CODE        2
                config                         008007  000002  008009     1000E       0  CONFIG      2


UNUSED ADDRESS RANGES

        Name                Unused          Largest block    Delta
        BANK2            0016D-0016F               3           1
        BANK3            001E1-001EF               F           1
        BANK5            002E0-002EF              10           1
        BANK6            00360-0036F              10           1
        BANK7            003A0-003EF              50           1
        BANK8            00420-00427               8           1
        BIGRAM           02000-023EF             3F0           1
        CODE             01000-01001               2           2
                         0181A-01A9C             283
        CONST            01000-01001               2           2
                         0181A-01A9C             100
        ENTRY            01000-01001               2           2
                         0181A-01A9C             100
        IDLOC            08000-08003               4           2
        RAM              0016D-0016F               3           1
                         001E1-001EF               F
                         002E0-002EF              10
                         00360-0036F              10
                         003A0-003EF              50
                         00420-00427               8
        SFR0             00000-0001F              20           1
        SFR1             00080-0009F              20           1
        SFR10            00500-0051F              20           1
        SFR11            00580-0059F              20           1
        SFR12            00600-0061F              20           1
        SFR13            00680-006EF              70           1
        SFR14            00700-0076F              70           1
        SFR15            00780-007EF              70           1
        SFR16            00800-0086F              70           1
        SFR17            00880-008EF              70           1
        SFR18            00900-0096F              70           1
        SFR19            00980-009EF              70           1
        SFR2             00100-0011F              20           1
        SFR20            00A00-00A6F              70           1
        SFR21            00A80-00AEF              70           1
        SFR22            00B00-00B6F              70           1
        SFR23            00B80-00BEF              70           1
        SFR24            00C00-00C6F              70           1
        SFR25            00C80-00CEF              70           1
        SFR26            00D00-00D6F              70           1
        SFR27            00D80-00DEF              70           1
        SFR28            00E00-00E6F              70           1
        SFR29            00E80-00EEF              70           1
        SFR3             00180-0019F              20           1
        SFR30            00F00-00F6F              70           1
        SFR31            00F80-00FEF              70           1
        SFR4             00200-0021F              20           1
        SFR5             00280-0029F              20           1
        SFR6             00300-0031F              20           1
        SFR7             00380-0039F              20           1
        SFR8             00400-0041F              20           1
        SFR9             00480-0049F              20           1
        STRCODE          01000-01001               2           2
                         0181A-01A9C             283
        STRING           01000-01001               2           2
                         0181A-01A9C             100

                                  Symbol Table

?_AsicPreCalc                             cstackBANK1  000A0
?_SendAsicData                            cstackBANK0  0005E
?_SendCmdReply                            cstackBANK0  0005E
?_SetAsicClock                            cstackBANK1  000DE
?_USBConfigureEndpoint                    cstackBANK0  00058
?_USBEnableEndpoint                       cstackBANK0  0005F
?_USBTransferOnePacket                    cstackBANK0  0005C
?_USER_USB_CALLBACK_EVENT_HANDLER         cstackBANK1  000A0
?___awdiv                                 cstackBANK0  00058
?___awmod                                 cstackBANK0  00058
?___awtoft                                cstackBANK0  00060
?___bmul                                  cstackBANK0  00058
?___ftadd                                 cstackBANK1  000B3
?___ftdiv                                 cstackBANK1  000C0
?___ftmul                                 cstackBANK1  000A0
?___ftneg                                 cstackBANK1  000B0
?___ftpack                                cstackBANK0  00058
?___fttol                                 cstackBANK1  000D0
?___lltoft                                cstackBANK0  00060
?___lmul                                  cstackBANK0  00058
?___lwdiv                                 cstackBANK0  00058
?___wmul                                  cstackBANK0  00058
?_memset                                  cstackBANK0  00058
?_rotate                                  cstackBANK0  00058
?i1_SendCmdReply                          cstackCOMMON 00076
?i1___bmul                                cstackCOMMON 00070
?i1___wmul                                cstackCOMMON 00070
AsicPreCalc@F3343                         dataBANK3    001CE
AsicPreCalc@K                             cstackBANK1  000AC
AsicPreCalc@m                             cstackBANK1  000B8
AsicPreCalc@n                             cstackBANK1  000E4
AsicPreCalc@work                          cstackBANK1  000A0
AsicPreCalc@x                             cstackBANK1  000E0
AsicPreCalc@y                             cstackBANK1  000DC
AsicPreCalc@z                             cstackBANK1  000D8
DetectAsics@x                             cstackBANK1  000A2
ProcessCmd@cmd                            cstackBANK2  00161
SendAsicData@work                         cstackBANK0  0005E
SendCmdReply@cmd                          cstackBANK0  0005E
SendCmdReply@count                        cstackBANK0  00062
SendCmdReply@data                         cstackBANK0  00060
SendCmdReply@n                            cstackBANK0  00063
SetAsicClock@CLOCK_F_VALUE                cstackBANK1  000E6
SetAsicClock@frequency                    cstackBANK1  000DE
USBCBSendResume@delay_count               bssBANK2     00120
USBConfigureEndpoint@EPNum                cstackBANK0  0005D
USBConfigureEndpoint@direction            cstackBANK0  00058
USBConfigureEndpoint@handle               cstackBANK0  0005E
USBCtrlEPService@setup_cnt                cstackBANK1  000B1
USBCtrlTrfInHandler@lastDTS               cstackBANK0  0005D
USBCtrlTrfRxService@byteToRead            cstackBANK0  0005D
USBCtrlTrfRxService@i                     cstackBANK0  0005C
USBCtrlTrfTxService@byteToSend            cstackBANK0  0005A
USBDeviceInit@i                           cstackBANK0  0005D
USBDeviceInit@i_718                       cstackBANK0  0005C
USBDeviceInit@p                           cstackBANK0  0005A
USBDeviceTasks@i                          cstackBANK1  000B4
USBEnableEndpoint@ep                      cstackBANK0  00064
USBEnableEndpoint@options                 cstackBANK0  0005F
USBEnableEndpoint@p                       cstackBANK0  00062
USBStdFeatureReqHandler@current_ep_data   cstackBANK1  000AA
USBStdFeatureReqHandler@p                 cstackBANK1  000AB
USBStdFeatureReqHandler@pUEP              cstackBANK1  000A8
USBStdGetStatusHandler@p                  cstackBANK0  00059
USBStdSetCfgHandler@i                     cstackBANK1  000AA
USBStdSetCfgHandler@i_1089                cstackBANK1  000A9
USBStdSetCfgHandler@p                     cstackBANK1  000A7
USBTransferOnePacket@data                 cstackBANK0  0005D
USBTransferOnePacket@dir                  cstackBANK0  0005C
USBTransferOnePacket@ep                   cstackBANK0  00061
USBTransferOnePacket@handle               cstackBANK0  00062
USBTransferOnePacket@len                  cstackBANK0  0005E
USER_USB_CALLBACK_EVENT_HANDLER@event     cstackBANK1  000A0
_ACTCON                                   (abs)        0039B
_ADCON0bits                               (abs)        0009D
_ADCON1bits                               (abs)        0009E
_ADCON2bits                               (abs)        0009F
_ADRESH                                   (abs)        0009C
_ANSELA                                   (abs)        0018C
_ANSELB                                   (abs)        0018D
_ANSELBbits                               (abs)        0018D
_ANSELC                                   (abs)        0018E
_AsicPreCalc                              text7        00014
_AsicPushWork                             text5        01407
_BAUDCONbits                              (abs)        0019F
_BDT                                      (abs)        00020
_BankRanges                               dataBANK6    00340
_BankSize                                 nvBANK2      0016C
_BothEP0OutUOWNsSet                       bssBANK2     0012C
_Cfg                                      dataBANK3    001DA
_ClockCfg                                 bssBANK3     001C0
_CtrlTrfData                              (abs)        00048
_DetectAsics                              text22       00B08
_DetectAsics$2765                         cstackBANK1  000A0
_Error                                    bssBANK2     0014C
_FanLevel                                 nvBANK2      0016A
_GIE                                      (abs)        0005F
_HashTime                                 nvBANK2      0016B
_I2CAddr                                  bssBANK2     0012D
_I2CCmd                                   bssBANK0     0006A
_I2CCount                                 bssBANK2     0012E
_I2CInBuf                                 bssBANK2     0012F
_I2CState                                 bssBANK2     00130
_ID                                       strings      0089F
_INPacket                                 (abs)        00220
_INTCONbits                               (abs)        0000B
_IOCBF                                    (abs)        00396
_IOCBPbits                                (abs)        00394
_ISRCode                                  intentry     00004
_InitFAN                                  text21       01BBE
_InitResultRx                             text13       01B00
_InitTempSensor                           text20       01B26
_InitWorkTick                             text14       01C55
_InitializeSystem                         text11       01B3D
_LATAbits                                 (abs)        0010C
_LATC                                     (abs)        0010E
_LastError                                bssBANK3     001A6
_LastTemp                                 bssBANK2     00131
_NonceRanges                              bssBANK6     00320
_OPTION_REGbits                           (abs)        00095
_OSCCON                                   (abs)        00099
_OSCTUNE                                  (abs)        00098
_OUTPacket                                (abs)        002A0
_PIE2bits                                 (abs)        00092
_PIR2bits                                 (abs)        00012
_PR2                                      (abs)        0001B
_PWM1CON                                  (abs)        00613
_PWM1DCH                                  (abs)        00612
_PWM1DCL                                  (abs)        00611
_PWM1OE                                   (abs)        0309E
_PrecalcHashes                            bssBANK3     001A8
_ProcessCmd                               text2        00676
_ProcessCmd$1976                          cstackBANK2  0015F
_ProcessIO                                text1        01292
_ProcessIO$2274                           cstackBANK2  00166
_ProcessIO$2308                           cstackBANK2  00168
_RCIF                                     (abs)        0008D
_RCREG                                    (abs)        00199
_RCSTAbits                                (abs)        0019D
_RemoteWakeup                             bssBANK2     00132
_ResultQC                                 bssBANK2     00133
_ResultQue                                bssBANK3     001C8
_ResultRx                                 text66       008AF
_SSP1EN                                   (abs)        010AD
_SSP1IF                                   (abs)        0008B
_SSPADD                                   (abs)        00212
_SSPBUF                                   (abs)        00211
_SSPCON1bits                              (abs)        00215
_SSPCON2bits                              (abs)        00216
_SSPCON3bits                              (abs)        00217
_SSPSTATbits                              (abs)        00214
_Send32                                   text10       00A5C
_SendAsicData                             text9        016C4
_SendCmdReply                             text3        009B3
_SetAsicClock                             text15       00D38
_SetupPkt                                 (abs)        00040
_SlaveAddress                             bssBANK2     00134
_SlowTick                                 bssBANK2     00135
_Status                                   dataBANK2    00152
_Step                                     bssBANK2     00122
_T2CONbits                                (abs)        0001C
_TMR0                                     (abs)        00015
_TMR0CS                                   (abs)        004AD
_TMR0IF                                   (abs)        0005A
_TMR2IF                                   (abs)        00089
_TMR2ON                                   (abs)        000E2
_TRISAbits                                (abs)        0008C
_TRISBbits                                (abs)        0008D
_TRISCbits                                (abs)        0008E
_TXSTAbits                                (abs)        0019E
_TempTarget                               nvBANK3      001E0
_TimeOut                                  bssBANK2     00136
_UADDR                                    (abs)        00E96
_UCFG                                     (abs)        00E91
_UCON                                     (abs)        00E8E
_UCONbits                                 (abs)        00E8E
_UEIE                                     (abs)        00E97
_UEIR                                     (abs)        00E93
_UEP0                                     (abs)        00E98
_UEP0bits                                 (abs)        00E98
_UEP1                                     (abs)        00E99
_UIE                                      (abs)        00E92
_UIEbits                                  (abs)        00E92
_UIR                                      (abs)        00E90
_UIRbits                                  (abs)        00E90
_USBActiveConfiguration                   bssBANK2     0014E
_USBAlternateInterface                    bssBANK2     0014F
_USBBusIsSuspended                        bssBANK2     00137
_USBCBCheckOtherReq                       text56       007FD
_USBCBErrorHandler                        text58       01005
_USBCBInitEP                              text51       01B86
_USBCBStdSetDscHandler                    text55       00003
_USBCBSuspend                             text61       01002
_USBCBWakeFromSuspend                     text60       01003
_USBCB_SOF_Handler                        text59       01004
_USBCheckStdRequest                       text37       01093
_USBCheckVendorRequest                    text57       00002
_USBConfigureEndpoint                     text54       01DE3
_USBCtrlEPAllowDataStage                  text44       01EB9
_USBCtrlEPAllowStatusStage                text46       011B5
_USBCtrlEPService                         text32       0130C
_USBCtrlEPServiceComplete                 text43       01219
_USBCtrlTrfInHandler                      text33       01152
_USBCtrlTrfOutHandler                     text34       01D09
_USBCtrlTrfRxService                      text35       01758
_USBCtrlTrfSetupHandler                   text36       01F09
_USBCtrlTrfTxService                      text45       01514
_USBDeferINDataStagePackets               bssBANK2     00138
_USBDeferOUTDataStagePackets              bssBANK2     00139
_USBDeferStatusStagePacket                bssBANK0     0006B
_USBDeviceInit                            text62       0090A
_USBDeviceState                           bssBANK1     000EE
_USBDeviceTasks                           text31       00E05
_USBEnableEndpoint                        text53       01CBA
_USBGenericInHandle                       bssBANK2     0013A
_USBGenericOutHandle                      bssBANK2     0013B
_USBStallHandler                          text47       01C76
_USBStatusStageEnabledFlag1               bssBANK2     0013C
_USBStatusStageEnabledFlag2               bssBANK2     0013D
_USBStatusStageTimeoutCounter             bssBANK2     0013E
_USBStdFeatureReqHandler                  text38       0055B
_USBStdGetDscHandler                      text40       01388
_USBStdGetStatusHandler                   text39       01F59
_USBStdSetCfgHandler                      text41       015A2
_USBSuspend                               text48       01BA2
_USBTransferOnePacket                     text52       01E6B
_USBWakeFromSuspend                       text49       01B6B
_USB_CD_Ptr                               strings      00804
_USB_SD_Ptr                               strings      00801
_USER_USB_CALLBACK_EVENT_HANDLER          text50       01DA4
_USTAT                                    (abs)        00E8F
_USTATcopy                                bssBANK1     000EF
_UpdateFanLevel                           text26       00414
_UpdateFanLevel$2766                      cstackBANK1  000E2
_UserInit                                 text12       01B13
_VerySlowTick                             bssBANK2     0013F
_WQI                                      bssBANK2     00150
_WQX                                      bssBANK2     00151
_WorkNow                                  bssBANK2     00140
_WorkQue                                  (abs)        02288
_WorkTick                                 text24       01036
__CFG_CPUDIV$NOCLKDIV                     (abs)        00000
__CFG_FCMEN$OFF                           (abs)        00000
__CFG_FOSC$INTOSC                         (abs)        00000
__CFG_IESO$OFF                            (abs)        00000
__CFG_LVP$OFF                             (abs)        00000
__CFG_MCLRE$OFF                           (abs)        00000
__CFG_PWRTE$ON                            (abs)        00000
__CFG_WDTE$OFF                            (abs)        00000
__Habs1                                   abs1         00000
__Hbank0                                  bank0        00000
__Hbank1                                  bank1        00000
__Hbank10                                 bank10       00000
__Hbank11                                 bank11       00000
__Hbank12                                 bank12       00000
__Hbank13                                 bank13       00000
__Hbank14                                 bank14       00000
__Hbank15                                 bank15       00000
__Hbank16                                 bank16       00000
__Hbank17                                 bank17       00000
__Hbank18                                 bank18       00000
__Hbank19                                 bank19       00000
__Hbank2                                  bank2        00000
__Hbank20                                 bank20       00000
__Hbank21                                 bank21       00000
__Hbank22                                 bank22       00000
__Hbank23                                 bank23       00000
__Hbank24                                 bank24       00000
__Hbank25                                 bank25       00000
__Hbank26                                 bank26       00000
__Hbank27                                 bank27       00000
__Hbank28                                 bank28       00000
__Hbank29                                 bank29       00000
__Hbank3                                  bank3        00000
__Hbank30                                 bank30       00000
__Hbank31                                 bank31       00000
__Hbank4                                  bank4        00000
__Hbank5                                  bank5        00000
__Hbank6                                  bank6        00000
__Hbank7                                  bank7        00000
__Hbank8                                  bank8        00000
__Hbank9                                  bank9        00000
__Hbigram                                 bigram       00000
__HbssBANK0                               bssBANK0     00000
__HbssBANK1                               bssBANK1     00000
__HbssBANK2                               bssBANK2     00000
__HbssBANK3                               bssBANK3     00000
__HbssBANK4                               bssBANK4     00000
__HbssBANK6                               bssBANK6     00000
__Hcinit                                  cinit        00000
__Hclrtext                                clrtext      00000
__Hcode                                   code         00000
__Hcommon                                 common       00000
__Hconfig                                 config       08009
__HcstackBANK0                            cstackBANK0  00000
__HcstackBANK1                            cstackBANK1  00000
__HcstackBANK2                            cstackBANK2  00000
__HcstackCOMMON                           cstackCOMMON 00000
__HdataBANK2                              dataBANK2    00000
__HdataBANK3                              dataBANK3    00000
__HdataBANK6                              dataBANK6    00000
__Heeprom_data                            eeprom_data  00000
__Hend_init                               end_init     00014
__Hfunctab                                functab      00000
__HidataBANK2                             idataBANK2   00000
__HidataBANK3                             idataBANK3   00000
__HidataBANK6                             idataBANK6   00000
__Hidloc                                  idloc        00000
__Hinit                                   init         00012
__Hinittext                               inittext     00000
__Hintentry                               intentry     00012
__Hmaintext                               maintext     00000
__HnvBANK2                                nvBANK2      00000
__HnvBANK3                                nvBANK3      00000
__Hpowerup                                powerup      00000
__Hram                                    ram          00000
__Hreset_vec                              reset_vec    00002
__Hsfr0                                   sfr0         00000
__Hsfr1                                   sfr1         00000
__Hsfr10                                  sfr10        00000
__Hsfr11                                  sfr11        00000
__Hsfr12                                  sfr12        00000
__Hsfr13                                  sfr13        00000
__Hsfr14                                  sfr14        00000
__Hsfr15                                  sfr15        00000
__Hsfr16                                  sfr16        00000
__Hsfr17                                  sfr17        00000
__Hsfr18                                  sfr18        00000
__Hsfr19                                  sfr19        00000
__Hsfr2                                   sfr2         00000
__Hsfr20                                  sfr20        00000
__Hsfr21                                  sfr21        00000
__Hsfr22                                  sfr22        00000
__Hsfr23                                  sfr23        00000
__Hsfr24                                  sfr24        00000
__Hsfr25                                  sfr25        00000
__Hsfr26                                  sfr26        00000
__Hsfr27                                  sfr27        00000
__Hsfr28                                  sfr28        00000
__Hsfr29                                  sfr29        00000
__Hsfr3                                   sfr3         00000
__Hsfr30                                  sfr30        00000
__Hsfr31                                  sfr31        00000
__Hsfr4                                   sfr4         00000
__Hsfr5                                   sfr5         00000
__Hsfr6                                   sfr6         00000
__Hsfr7                                   sfr7         00000
__Hsfr8                                   sfr8         00000
__Hsfr9                                   sfr9         00000
__Hstrings                                strings      00000
__Htext                                   text         00000
__Labs1                                   abs1         00000
__Lbank0                                  bank0        00000
__Lbank1                                  bank1        00000
__Lbank10                                 bank10       00000
__Lbank11                                 bank11       00000
__Lbank12                                 bank12       00000
__Lbank13                                 bank13       00000
__Lbank14                                 bank14       00000
__Lbank15                                 bank15       00000
__Lbank16                                 bank16       00000
__Lbank17                                 bank17       00000
__Lbank18                                 bank18       00000
__Lbank19                                 bank19       00000
__Lbank2                                  bank2        00000
__Lbank20                                 bank20       00000
__Lbank21                                 bank21       00000
__Lbank22                                 bank22       00000
__Lbank23                                 bank23       00000
__Lbank24                                 bank24       00000
__Lbank25                                 bank25       00000
__Lbank26                                 bank26       00000
__Lbank27                                 bank27       00000
__Lbank28                                 bank28       00000
__Lbank29                                 bank29       00000
__Lbank3                                  bank3        00000
__Lbank30                                 bank30       00000
__Lbank31                                 bank31       00000
__Lbank4                                  bank4        00000
__Lbank5                                  bank5        00000
__Lbank6                                  bank6        00000
__Lbank7                                  bank7        00000
__Lbank8                                  bank8        00000
__Lbank9                                  bank9        00000
__Lbigram                                 bigram       00000
__LbssBANK0                               bssBANK0     00000
__LbssBANK1                               bssBANK1     00000
__LbssBANK2                               bssBANK2     00000
__LbssBANK3                               bssBANK3     00000
__LbssBANK4                               bssBANK4     00000
__LbssBANK6                               bssBANK6     00000
__Lcinit                                  cinit        00000
__Lclrtext                                clrtext      00000
__Lcode                                   code         00000
__Lcommon                                 common       00000
__Lconfig                                 config       08007
__LcstackBANK0                            cstackBANK0  00000
__LcstackBANK1                            cstackBANK1  00000
__LcstackBANK2                            cstackBANK2  00000
__LcstackCOMMON                           cstackCOMMON 00000
__LdataBANK2                              dataBANK2    00000
__LdataBANK3                              dataBANK3    00000
__LdataBANK6                              dataBANK6    00000
__Leeprom_data                            eeprom_data  00000
__Lend_init                               end_init     00012
__Lfunctab                                functab      00000
__LidataBANK2                             idataBANK2   00000
__LidataBANK3                             idataBANK3   00000
__LidataBANK6                             idataBANK6   00000
__Lidloc                                  idloc        00000
__Linit                                   init         00012
__Linittext                               inittext     00000
__Lintentry                               intentry     00004
__Lmaintext                               maintext     00000
__LnvBANK2                                nvBANK2      00000
__LnvBANK3                                nvBANK3      00000
__Lpowerup                                powerup      00000
__Lram                                    ram          00000
__Lreset_vec                              reset_vec    00000
__Lsfr0                                   sfr0         00000
__Lsfr1                                   sfr1         00000
__Lsfr10                                  sfr10        00000
__Lsfr11                                  sfr11        00000
__Lsfr12                                  sfr12        00000
__Lsfr13                                  sfr13        00000
__Lsfr14                                  sfr14        00000
__Lsfr15                                  sfr15        00000
__Lsfr16                                  sfr16        00000
__Lsfr17                                  sfr17        00000
__Lsfr18                                  sfr18        00000
__Lsfr19                                  sfr19        00000
__Lsfr2                                   sfr2         00000
__Lsfr20                                  sfr20        00000
__Lsfr21                                  sfr21        00000
__Lsfr22                                  sfr22        00000
__Lsfr23                                  sfr23        00000
__Lsfr24                                  sfr24        00000
__Lsfr25                                  sfr25        00000
__Lsfr26                                  sfr26        00000
__Lsfr27                                  sfr27        00000
__Lsfr28                                  sfr28        00000
__Lsfr29                                  sfr29        00000
__Lsfr3                                   sfr3         00000
__Lsfr30                                  sfr30        00000
__Lsfr31                                  sfr31        00000
__Lsfr4                                   sfr4         00000
__Lsfr5                                   sfr5         00000
__Lsfr6                                   sfr6         00000
__Lsfr7                                   sfr7         00000
__Lsfr8                                   sfr8         00000
__Lsfr9                                   sfr9         00000
__Lstrings                                strings      00000
__Ltext                                   text         00000
__S0                                      (abs)        08009
__S1                                      (abs)        00360
___awdiv                                  text23       01FAC
___awdiv@counter                          cstackBANK0  0005D
___awdiv@dividend                         cstackBANK0  0005A
___awdiv@divisor                          cstackBANK0  00058
___awdiv@quotient                         cstackBANK0  0005F
___awdiv@sign                             cstackBANK0  0005E
___awmod                                  text25       01E23
___awmod@counter                          cstackBANK0  0005D
___awmod@dividend                         cstackBANK0  0005A
___awmod@divisor                          cstackBANK0  00058
___awmod@sign                             cstackBANK0  0005E
___awtoft                                 text30       01C98
___awtoft@c                               cstackBANK0  00060
___awtoft@sign                            cstackBANK0  00065
___bmul                                   text4        01ADC
___bmul@multiplicand                      cstackBANK0  00058
___bmul@multiplier                        cstackBANK0  0005B
___bmul@product                           cstackBANK0  0005A
___ftadd                                  text63       00EFC
___ftadd@exp1                             cstackBANK1  000BF
___ftadd@exp2                             cstackBANK1  000BE
___ftadd@f1                               cstackBANK1  000B3
___ftadd@f2                               cstackBANK1  000B6
___ftadd@sign                             cstackBANK1  000BD
___ftdiv                                  text19       00BBF
___ftdiv@cntr                             cstackBANK1  000CA
___ftdiv@exp                              cstackBANK1  000CE
___ftdiv@f1                               cstackBANK1  000C3
___ftdiv@f2                               cstackBANK1  000C0
___ftdiv@f3                               cstackBANK1  000CB
___ftdiv@sign                             cstackBANK1  000CF
___ftmul                                  text29       00C76
___ftmul@cntr                             cstackBANK1  000AE
___ftmul@exp                              cstackBANK1  000AA
___ftmul@f1                               cstackBANK1  000A0
___ftmul@f2                               cstackBANK1  000A3
___ftmul@f3_as_product                    cstackBANK1  000AB
___ftmul@sign                             cstackBANK1  000AF
___ftneg                                  text28       01A9D
___ftneg@f1                               cstackBANK1  000B0
___ftpack                                 text64       010F1
___ftpack@arg                             cstackBANK0  00058
___ftpack@exp                             cstackBANK0  0005B
___ftpack@sign                            cstackBANK0  0005C
___fttol                                  text27       0148D
___fttol@exp1                             cstackBANK1  000DD
___fttol@f1                               cstackBANK1  000D0
___fttol@lval                             cstackBANK1  000D9
___fttol@sign1                            cstackBANK1  000D8
___latbits                                (abs)        00002
___lltoft                                 text18       01CDF
___lltoft@c                               cstackBANK0  00060
___lltoft@exp                             cstackBANK0  00065
___lmul                                   text17       01006
___lmul@multiplicand                      cstackBANK0  0005C
___lmul@multiplier                        cstackBANK0  00058
___lmul@product                           cstackBANK0  00060
___lwdiv                                  text16       01D36
___lwdiv@counter                          cstackBANK0  0005F
___lwdiv@dividend                         cstackBANK0  0005A
___lwdiv@divisor                          cstackBANK0  00058
___lwdiv@quotient                         cstackBANK0  0005D
___wmul                                   text6        01BF7
___wmul@multiplicand                      cstackBANK0  0005A
___wmul@multiplier                        cstackBANK0  00058
___wmul@product                           cstackBANK0  0005C
__end_of_AsicPreCalc                      text7        00414
__end_of_AsicPushWork                     text5        0148D
__end_of_DetectAsics                      text22       00BBF
__end_of_ID                               strings      008AB
__end_of_ISRCode                          intentry     00012
__end_of_InitFAN                          text21       01BDA
__end_of_InitResultRx                     text13       01B13
__end_of_InitTempSensor                   text20       01B3D
__end_of_InitWorkTick                     text14       01C76
__end_of_InitializeSystem                 text11       01B54
__end_of_ProcessCmd                       text2        0078F
__end_of_ProcessIO                        text1        0130C
__end_of_ResultRx                         text66       0090A
__end_of_Send32                           text10       00B08
__end_of_SendAsicData                     text9        01758
__end_of_SendCmdReply                     text3        00A5C
__end_of_SetAsicClock                     text15       00E05
__end_of_USBCBCheckOtherReq               text56       00800
__end_of_USBCBErrorHandler                text58       01006
__end_of_USBCBInitEP                      text51       01BA2
__end_of_USBCBStdSetDscHandler            text55       00004
__end_of_USBCBSuspend                     text61       01003
__end_of_USBCBWakeFromSuspend             text60       01004
__end_of_USBCB_SOF_Handler                text59       01005
__end_of_USBCheckStdRequest               text37       010F1
__end_of_USBCheckVendorRequest            text57       00003
__end_of_USBConfigureEndpoint             text54       01E23
__end_of_USBCtrlEPAllowDataStage          text44       01F09
__end_of_USBCtrlEPAllowStatusStage        text46       01219
__end_of_USBCtrlEPService                 text32       01388
__end_of_USBCtrlEPServiceComplete         text43       01292
__end_of_USBCtrlTrfInHandler              text33       011B5
__end_of_USBCtrlTrfOutHandler             text34       01D36
__end_of_USBCtrlTrfRxService              text35       01800
__end_of_USBCtrlTrfSetupHandler           text36       01F59
__end_of_USBCtrlTrfTxService              text45       015A2
__end_of_USBDeviceInit                    text62       009B3
__end_of_USBDeviceTasks                   text31       00EFC
__end_of_USBEnableEndpoint                text53       01CDF
__end_of_USBStallHandler                  text47       01C98
__end_of_USBStdFeatureReqHandler          text38       00676
__end_of_USBStdGetDscHandler              text40       01407
__end_of_USBStdGetStatusHandler           text39       01FAC
__end_of_USBStdSetCfgHandler              text41       01631
__end_of_USBSuspend                       text48       01BBE
__end_of_USBTransferOnePacket             text52       01EB9
__end_of_USBWakeFromSuspend               text49       01B86
__end_of_USB_CD_Ptr                       strings      00805
__end_of_USB_SD_Ptr                       strings      00804
__end_of_USER_USB_CALLBACK_EVENT_HANDLER  text50       01DE3
__end_of_UpdateFanLevel                   text26       0055B
__end_of_UserInit                         text12       01B26
__end_of_WorkTick                         text24       01093
__end_of___awdiv                          text23       02000
__end_of___awmod                          text25       01E6B
__end_of___awtoft                         text30       01CBA
__end_of___bmul                           text4        01AEE
__end_of___ftadd                          text63       01000
__end_of___ftdiv                          text19       00C76
__end_of___ftmul                          text29       00D38
__end_of___ftneg                          text28       01AA6
__end_of___ftpack                         text64       01152
__end_of___fttol                          text27       01514
__end_of___lltoft                         text18       01D09
__end_of___lmul                           text17       01036
__end_of___lwdiv                          text16       01D6D
__end_of___wmul                           text6        01C15
__end_of__initialization                  cinit        007FA
__end_of__stringtab                       strings      00801
__end_of_configDescriptor1                strings      0088D
__end_of_device_dsc                       strings      0089F
__end_of_main                             maintext     01B6B
__end_of_memset                           text42       01C35
__end_of_rotate                           text8        01DA4
__end_of_sd000                            strings      008AF
__end_of_sd001                            strings      00839
__end_of_sd002                            strings      0086D
__end_ofi1_SendCmdReply                   text67       016C4
__end_ofi1___bmul                         text68       01ADC
__end_ofi1___wmul                         text69       01BF7
__initialization                          cinit        0078F
__pbssBANK0                               bssBANK0     00068
__pbssBANK1                               bssBANK1     000EE
__pbssBANK2                               bssBANK2     00120
__pbssBANK3                               bssBANK3     001A0
__pbssBANK4                               bssBANK4     00260
__pbssBANK6                               bssBANK6     00320
__pbssBIGRAM                              (abs)        02288
__pcstackBANK0                            cstackBANK0  00050
__pcstackBANK1                            cstackBANK1  000A0
__pcstackBANK2                            cstackBANK2  0015F
__pcstackCOMMON                           cstackCOMMON 00070
__pdataBANK2                              dataBANK2    00152
__pdataBANK3                              dataBANK3    001CE
__pdataBANK6                              dataBANK6    00340
__pidataBANK2                             idataBANK2   01ABE
__pidataBANK3                             idataBANK3   01AEE
__pidataBANK6                             idataBANK6   01C35
__pintentry                               intentry     00004
__pmaintext                               maintext     01B54
__pnvBANK2                                nvBANK2      0016A
__pnvBANK3                                nvBANK3      001E0
__pstrings                                strings      00800
__pswtext1                                swtext1      01800
__ptext1                                  text1        01292
__ptext10                                 text10       00A5C
__ptext11                                 text11       01B3D
__ptext12                                 text12       01B13
__ptext13                                 text13       01B00
__ptext14                                 text14       01C55
__ptext15                                 text15       00D38
__ptext16                                 text16       01D36
__ptext17                                 text17       01006
__ptext18                                 text18       01CDF
__ptext19                                 text19       00BBF
__ptext2                                  text2        00676
__ptext20                                 text20       01B26
__ptext21                                 text21       01BBE
__ptext22                                 text22       00B08
__ptext23                                 text23       01FAC
__ptext24                                 text24       01036
__ptext25                                 text25       01E23
__ptext26                                 text26       00414
__ptext27                                 text27       0148D
__ptext28                                 text28       01A9D
__ptext29                                 text29       00C76
__ptext3                                  text3        009B3
__ptext30                                 text30       01C98
__ptext31                                 text31       00E05
__ptext32                                 text32       0130C
__ptext33                                 text33       01152
__ptext34                                 text34       01D09
__ptext35                                 text35       01758
__ptext36                                 text36       01F09
__ptext37                                 text37       01093
__ptext38                                 text38       0055B
__ptext39                                 text39       01F59
__ptext4                                  text4        01ADC
__ptext40                                 text40       01388
__ptext41                                 text41       015A2
__ptext42                                 text42       01C15
__ptext43                                 text43       01219
__ptext44                                 text44       01EB9
__ptext45                                 text45       01514
__ptext46                                 text46       011B5
__ptext47                                 text47       01C76
__ptext48                                 text48       01BA2
__ptext49                                 text49       01B6B
__ptext5                                  text5        01407
__ptext50                                 text50       01DA4
__ptext51                                 text51       01B86
__ptext52                                 text52       01E6B
__ptext53                                 text53       01CBA
__ptext54                                 text54       01DE3
__ptext55                                 text55       00003
__ptext56                                 text56       007FD
__ptext57                                 text57       00002
__ptext58                                 text58       01005
__ptext59                                 text59       01004
__ptext6                                  text6        01BF7
__ptext60                                 text60       01003
__ptext61                                 text61       01002
__ptext62                                 text62       0090A
__ptext63                                 text63       00EFC
__ptext64                                 text64       010F1
__ptext66                                 text66       008AF
__ptext67                                 text67       01631
__ptext68                                 text68       01ACB
__ptext69                                 text69       01BDA
__ptext7                                  text7        00014
__ptext8                                  text8        01D6D
__ptext9                                  text9        016C4
__size_of_AsicPreCalc                     (abs)        00000
__size_of_AsicPushWork                    (abs)        00000
__size_of_DetectAsics                     (abs)        00000
__size_of_ISRCode                         (abs)        00000
__size_of_InitFAN                         (abs)        00000
__size_of_InitResultRx                    (abs)        00000
__size_of_InitTempSensor                  (abs)        00000
__size_of_InitWorkTick                    (abs)        00000
__size_of_InitializeSystem                (abs)        00000
__size_of_ProcessCmd                      (abs)        00000
__size_of_ProcessIO                       (abs)        00000
__size_of_ResultRx                        (abs)        00000
__size_of_Send32                          (abs)        00000
__size_of_SendAsicData                    (abs)        00000
__size_of_SendCmdReply                    (abs)        00000
__size_of_SetAsicClock                    (abs)        00000
__size_of_USBCBCheckOtherReq              (abs)        00000
__size_of_USBCBErrorHandler               (abs)        00000
__size_of_USBCBInitEP                     (abs)        00000
__size_of_USBCBStdSetDscHandler           (abs)        00000
__size_of_USBCBSuspend                    (abs)        00000
__size_of_USBCBWakeFromSuspend            (abs)        00000
__size_of_USBCB_SOF_Handler               (abs)        00000
__size_of_USBCheckStdRequest              (abs)        00000
__size_of_USBCheckVendorRequest           (abs)        00000
__size_of_USBConfigureEndpoint            (abs)        00000
__size_of_USBCtrlEPAllowDataStage         (abs)        00000
__size_of_USBCtrlEPAllowStatusStage       (abs)        00000
__size_of_USBCtrlEPService                (abs)        00000
__size_of_USBCtrlEPServiceComplete        (abs)        00000
__size_of_USBCtrlTrfInHandler             (abs)        00000
__size_of_USBCtrlTrfOutHandler            (abs)        00000
__size_of_USBCtrlTrfRxService             (abs)        00000
__size_of_USBCtrlTrfSetupHandler          (abs)        00000
__size_of_USBCtrlTrfTxService             (abs)        00000
__size_of_USBDeviceInit                   (abs)        00000
__size_of_USBDeviceTasks                  (abs)        00000
__size_of_USBEnableEndpoint               (abs)        00000
__size_of_USBStallHandler                 (abs)        00000
__size_of_USBStdFeatureReqHandler         (abs)        00000
__size_of_USBStdGetDscHandler             (abs)        00000
__size_of_USBStdGetStatusHandler          (abs)        00000
__size_of_USBStdSetCfgHandler             (abs)        00000
__size_of_USBSuspend                      (abs)        00000
__size_of_USBTransferOnePacket            (abs)        00000
__size_of_USBWakeFromSuspend              (abs)        00000
__size_of_USER_USB_CALLBACK_EVENT_HANDLER (abs)        00000
__size_of_UpdateFanLevel                  (abs)        00000
__size_of_UserInit                        (abs)        00000
__size_of_WorkTick                        (abs)        00000
__size_of___awdiv                         (abs)        00000
[...]
      Params:         0       0       0       0       0       0       0       0       0       0       0       0       0       0
      Locals:         0       0       0       0       0       0       0       0       0       0       0       0       0       0
      Temps:          0       0       0       0       0       0       0       0       0       0       0       0       0       0
      Totals:         0       0       0       0       0       0       0       0       0       0       0       0       0       0
Total ram usage:        0 bytes
 Hardware stack levels used:    1
 Hardware stack levels required when called:    4
 This function calls:
		Nothing
 This function is called by:
		_USER_USB_CALLBACK_EVENT_HANDLER
		_USBCBSendResume
 This function uses a non-reentrant model


 *************** function _USBCBSuspend *****************
 Defined at:
		line 264 in file "main.c"
 Parameters:    Size  Location     Type
		None
 Auto vars:     Size  Location     Type
		None
 Return value:  Size  Location     Type
		None               void
 Registers used:
		None
 Tracked objects:
		On entry : 
		On exit  : 
		Unchanged: 
 Data sizes:     COMMON   BANK0   BANK1   BANK2   BANK3   BANK4   BANK5   BANK6   BANK7   BANK8   BANK9  BANK10  BANK11  BANK12
      Params:         0       0       0       0       0       0       0       0       0       0       0       0       0       0
      Locals:         0       0       0       0       0       0       0       0       0       0       0       0       0       0
      Temps:          0       0       0       0       0       0       0       0       0       0       0       0       0       0
      Totals:         0       0       0       0       0       0       0       0       0       0       0       0       0       0
Total ram usage:        0 bytes
 Hardware stack levels used:    1
 Hardware stack levels required when called:    4
 This function calls:
		Nothing
 This function is called by:
		_USER_USB_CALLBACK_EVENT_HANDLER
 This function uses a non-reentrant model


 *************** function _USBDeviceInit *****************
 Defined at:
		line 467 in file "../USB/usb_device.c"
 Parameters:    Size  Location     Type
		None
 Auto vars:     Size  Location     Type
  p               2   10[BANK0 ] PTR unsigned char 
		 -> UEP1(1), 
  i               1   12[BANK0 ] unsigned char 
  i               1   13[BANK0 ] unsigned char 
 Return value:  Size  Location     Type
		None               void
 Registers used:
		wreg, fsr1l, fsr1h, status,2, status,0
 Tracked objects:
		On entry : 
		On exit  : 
		Unchanged: 
 Data sizes:     COMMON   BANK0   BANK1   BANK2   BANK3   BANK4   BANK5   BANK6   BANK7   BANK8   BANK9  BANK10  BANK11  BANK12
      Params:         0       0       0       0       0       0       0       0       0       0       0       0       0       0
      Locals:         0       4       0       0       0       0       0       0       0       0       0       0       0       0
      Temps:          0       2       0       0       0       0       0       0       0       0       0       0       0       0
      Totals:         0       6       0       0       0       0       0       0       0       0       0       0       0       0
Total ram usage:        6 bytes
 Hardware stack levels used:    1
 Hardware stack levels required when called:    4
 This function calls:
		Nothing
 This function is called by:
		_USBDeviceTasks
		_InitializeSystem
 This function uses a non-reentrant model


 *************** function ___ftadd *****************
 Defined at:
		line 87 in file "C:\Program Files (x86)\Microchip\xc8\v1.20\sources\pic\ftadd.c"
 Parameters:    Size  Location     Type
  f1              3   19[BANK1 ] float 
  f2              3   22[BANK1 ] float 
 Auto vars:     Size  Location     Type
  exp1            1   31[BANK1 ] unsigned char 
  exp2            1   30[BANK1 ] unsigned char 
  sign            1   29[BANK1 ] unsigned char 
 Return value:  Size  Location     Type
                  3   19[BANK1 ] float 
 Registers used:
		wreg, status,2, status,0, pclath, cstack
 Tracked objects:
		On entry : 
		On exit  : 
		Unchanged: 
 Data sizes:     COMMON   BANK0   BANK1   BANK2   BANK3   BANK4   BANK5   BANK6   BANK7   BANK8   BANK9  BANK10  BANK11  BANK12
      Params:         0       0       6       0       0       0       0       0       0       0       0       0       0       0
      Locals:         0       0       3       0       0       0       0       0       0       0       0       0       0       0
      Temps:          0       0       4       0       0       0       0       0       0       0       0       0       0       0
      Totals:         0       0      13       0       0       0       0       0       0       0       0       0       0       0
Total ram usage:       13 bytes
 Hardware stack levels used:    1
 Hardware stack levels required when called:    5
 This function calls:
		___ftpack
 This function is called by:
		_UpdateFanLevel
		_SetAsicClock
 This function uses a non-reentrant model


 *************** function ___ftpack *****************
 Defined at:
		line 63 in file "C:\Program Files (x86)\Microchip\xc8\v1.20\sources\pic\float.c"
 Parameters:    Size  Location     Type
  arg             3    8[BANK0 ] unsigned um
  exp             1   11[BANK0 ] unsigned char 
  sign            1   12[BANK0 ] unsigned char 
 Auto vars:     Size  Location     Type
		None
 Return value:  Size  Location     Type
                  3    8[BANK0 ] float 
 Registers used:
		wreg, status,2, status,0
 Tracked objects:
		On entry : 
		On exit  : 
		Unchanged: 
 Data sizes:     COMMON   BANK0   BANK1   BANK2   BANK3   BANK4   BANK5   BANK6   BANK7   BANK8   BANK9  BANK10  BANK11  BANK12
      Params:         0       5       0       0       0       0       0       0       0       0       0       0       0       0
      Locals:         0       0       0       0       0       0       0       0       0       0       0       0       0       0
      Temps:          0       3       0       0       0       0       0       0       0       0       0       0       0       0
      Totals:         0       8       0       0       0       0       0       0       0       0       0       0       0       0
Total ram usage:        8 bytes
 Hardware stack levels used:    1
 Hardware stack levels required when called:    4
 This function calls:
		Nothing
 This function is called by:
		___awtoft
		___ftadd
		___ftdiv
		___ftmul
		___lltoft
 This function uses a non-reentrant model


 *************** function _ISRCode *****************
 Defined at:
		line 70 in file "main.c"
 Parameters:    Size  Location     Type
		None
 Auto vars:     Size  Location     Type
		None
 Return value:  Size  Location     Type
		None               void
 Registers used:
		wreg, fsr0l, fsr0h, fsr1l, fsr1h, status,2, status,0, btemp+1, pclath, cstack
 Tracked objects:
		On entry : 
		On exit  : 
		Unchanged: 
 Data sizes:     COMMON   BANK0   BANK1   BANK2   BANK3   BANK4   BANK5   BANK6   BANK7   BANK8   BANK9  BANK10  BANK11  BANK12
      Params:         0       0       0       0       0       0       0       0       0       0       0       0       0       0
      Locals:         0       0       0       0       0       0       0       0       0       0       0       0       0       0
      Temps:          1       0       0       0       0       0       0       0       0       0       0       0       0       0
      Totals:         1       0       0       0       0       0       0       0       0       0       0       0       0       0
Total ram usage:        1 bytes
 Hardware stack levels used:    1
 Hardware stack levels required when called:    3
 This function calls:
		_ResultRx
 This function is called by:
		Interrupt level 1
 This function uses a non-reentrant model


 *************** function _ResultRx *****************
 Defined at:
		line 161 in file "klondike.c"
 Parameters:    Size  Location     Type
		None
 Auto vars:     Size  Location     Type
		None
 Return value:  Size  Location     Type
		None               void
 Registers used:
		wreg, fsr0l, fsr0h, fsr1l, fsr1h, status,2, status,0, btemp+1, pclath, cstack
 Tracked objects:
		On entry : 
		On exit  : 
		Unchanged: 
 Data sizes:     COMMON   BANK0   BANK1   BANK2   BANK3   BANK4   BANK5   BANK6   BANK7   BANK8   BANK9  BANK10  BANK11  BANK12
      Params:         0       0       0       0       0       0       0       0       0       0       0       0       0       0
      Locals:         0       0       0       0       0       0       0       0       0       0       0       0       0       0
      Temps:          1       0       0       0       0       0       0       0       0       0       0       0       0       0
      Totals:         1       0       0       0       0       0       0       0       0       0       0       0       0       0
Total ram usage:        1 bytes
 Hardware stack levels used:    1
 Hardware stack levels required when called:    2
 This function calls:
		i1_SendCmdReply
 This function is called by:
		_ISRCode
 This function uses a non-reentrant model


 *************** function i1_SendCmdReply *****************
 Defined at:
		line 208 in file "main.c"
 Parameters:    Size  Location     Type
  SendCmdReply    2    6[COMMON] PTR unsigned char 
		 -> ResultQue(6), OUTPacket(64), 
  SendCmdReply    2    8[COMMON] PTR unsigned char 
		 -> ResultQue(6), Cfg(6), ID(12), Status(13), 
  SendCmdReply    1   10[COMMON] unsigned char 
 Auto vars:     Size  Location     Type
  SendCmdReply    1   11[COMMON] unsigned char 
 Return value:  Size  Location     Type
		None               void
 Registers used:
		wreg, fsr0l, fsr0h, fsr1l, fsr1h, status,2, status,0, btemp+1, pclath, cstack
 Tracked objects:
		On entry : 
		On exit  : 
		Unchanged: 
 Data sizes:     COMMON   BANK0   BANK1   BANK2   BANK3   BANK4   BANK5   BANK6   BANK7   BANK8   BANK9  BANK10  BANK11  BANK12
      Params:         5       0       0       0       0       0       0       0       0       0       0       0       0       0
      Locals:         1       0       0       0       0       0       0       0       0       0       0       0       0       0
      Temps:          0       8       0       0       0       0       0       0       0       0       0       0       0       0
      Totals:         6       8       0       0       0       0       0       0       0       0       0       0       0       0
Total ram usage:       14 bytes
 Hardware stack levels used:    1
 Hardware stack levels required when called:    1
 This function calls:
		i1___wmul
		i1___bmul
 This function is called by:
		_ResultRx
 This function uses a non-reentrant model


 *************** function i1___bmul *****************
 Defined at:
		line 3 in file "C:\Program Files (x86)\Microchip\xc8\v1.20\sources\pic\bmul.c"
 Parameters:    Size  Location     Type
  __bmul          1    wreg     unsigned char 
  __bmul          1    0[COMMON] unsigned char 
 Auto vars:     Size  Location     Type
  __bmul          1    2[COMMON] unsigned char 
  __bmul          1    3[COMMON] unsigned char 
 Return value:  Size  Location     Type
                  1    wreg      unsigned char 
 Registers used:
		wreg, status,2, status,0
 Tracked objects:
		On entry : 
		On exit  : 
		Unchanged: 
 Data sizes:     COMMON   BANK0   BANK1   BANK2   BANK3   BANK4   BANK5   BANK6   BANK7   BANK8   BANK9  BANK10  BANK11  BANK12
      Params:         1       0       0       0       0       0       0       0       0       0       0       0       0       0
      Locals:         2       0       0       0       0       0       0       0       0       0       0       0       0       0
      Temps:          1       0       0       0       0       0       0       0       0       0       0       0       0       0
      Totals:         4       0       0       0       0       0       0       0       0       0       0       0       0       0
Total ram usage:        4 bytes
 Hardware stack levels used:    1
 This function calls:
		Nothing
 This function is called by:
		i1_SendCmdReply
 This function uses a non-reentrant model


 *************** function i1___wmul *****************
 Defined at:
		line 3 in file "C:\Program Files (x86)\Microchip\xc8\v1.20\sources\pic\wmul.c"
 Parameters:    Size  Location     Type
  __wmul          2    0[COMMON] unsigned int 
  __wmul          2    2[COMMON] unsigned int 
 Auto vars:     Size  Location     Type
  __wmul          2    4[COMMON] unsigned int 
 Return value:  Size  Location     Type
                  2    0[COMMON] unsigned int 
 Registers used:
		wreg, status,2, status,0
 Tracked objects:
		On entry : 
		On exit  : 
		Unchanged: 
 Data sizes:     COMMON   BANK0   BANK1   BANK2   BANK3   BANK4   BANK5   BANK6   BANK7   BANK8   BANK9  BANK10  BANK11  BANK12
      Params:         4       0       0       0       0       0       0       0       0       0       0       0       0       0
      Locals:         2       0       0       0       0       0       0       0       0       0       0       0       0       0
      Temps:          0       0       0       0       0       0       0       0       0       0       0       0       0       0
      Totals:         6       0       0       0       0       0       0       0       0       0       0       0       0       0
Total ram usage:        6 bytes
 Hardware stack levels used:    1
 This function calls:
		Nothing
 This function is called by:
		i1_SendCmdReply
 This function uses a non-reentrant model



MODULE INFORMATION

Module		Function		Class		Link	Load	Size
C:\Program Files (x86)\Microchip\xc8\v1.20\sources\pic\awtoft.c
		___awtoft      		CODE           	1C98	0000	34

C:\Program Files (x86)\Microchip\xc8\v1.20\sources\pic\awtoft.c estimated size: 34

C:\Program Files (x86)\Microchip\xc8\v1.20\sources\pic\awmod.c
		___awmod       		CODE           	1E23	0000	72

C:\Program Files (x86)\Microchip\xc8\v1.20\sources\pic\awmod.c estimated size: 72

C:\Program Files (x86)\Microchip\xc8\v1.20\sources\pic\lltoft.c
		___lltoft      		CODE           	1CDF	0000	42

C:\Program Files (x86)\Microchip\xc8\v1.20\sources\pic\lltoft.c estimated size: 42

C:\Program Files (x86)\Microchip\xc8\v1.20\sources\pic\awdiv.c
		___awdiv       		CODE           	1FAC	0000	84

C:\Program Files (x86)\Microchip\xc8\v1.20\sources\pic\awdiv.c estimated size: 84

C:\Program Files (x86)\Microchip\xc8\v1.20\sources\pic\ftadd.c
		___ftadd       		CODE           	0EFC	0000	260

C:\Program Files (x86)\Microchip\xc8\v1.20\sources\pic\ftadd.c estimated size: 260

C:\Program Files (x86)\Microchip\xc8\v1.20\sources\pic\lwdiv.c
		___lwdiv       		CODE           	1D36	0000	55

C:\Program Files (x86)\Microchip\xc8\v1.20\sources\pic\lwdiv.c estimated size: 55

C:\Program Files (x86)\Microchip\xc8\v1.20\sources\pic\float.c
		___ftpack      		CODE           	10F1	0000	97

C:\Program Files (x86)\Microchip\xc8\v1.20\sources\pic\float.c estimated size: 97

shared
		_configDescript		STRING         	086D	0000	32
		_USB_CD_Ptr    		STRING         	0804	0000	1
		_sd001         		STRING         	0805	0000	52
		__stringtab    		STRING         	0800	0000	1
		_sd002         		STRING         	0839	0000	52
		_ID            		STRING         	089F	0000	12
		i1___wmul      		CODE           	1BDA	0000	29
		__initializatio		CODE           	078F	0000	107
		_device_dsc    		STRING         	088D	0000	18
		i1_SendCmdReply		CODE           	1631	0000	147
		i1___bmul      		CODE           	1ACB	0000	17
		_USB_SD_Ptr    		STRING         	0801	0000	3
		_sd000         		STRING         	08AB	0000	4

shared estimated size: 475

C:\Program Files (x86)\Microchip\xc8\v1.20\sources\pic\wmul.c
		___wmul        		CODE           	1BF7	0000	30

C:\Program Files (x86)\Microchip\xc8\v1.20\sources\pic\wmul.c estimated size: 30

asic.c
		_Send32        		CODE           	0A5C	0000	172
		_SendAsicData  		CODE           	16C4	0000	148
		_rotate        		CODE           	1D6D	0000	55
		_AsicPreCalc   		CODE           	0014	0000	1024

asic.c estimated size: 1399

klondike.c
		_ResultRx      		CODE           	08AF	0000	91
		_UpdateFanLevel		CODE           	0414	0000	327
		_WorkTick      		CODE           	1036	0000	93
		_InitTempSensor		CODE           	1B26	0000	23
		_DetectAsics   		CODE           	0B08	0000	183
		_InitWorkTick  		CODE           	1C55	0000	33
		_AsicPushWork  		CODE           	1407	0000	134
		_ProcessCmd    		CODE           	0676	0000	281
		_InitResultRx  		CODE           	1B00	0000	19
		_InitFAN       		CODE           	1BBE	0000	28
		_SetAsicClock  		CODE           	0D38	0000	205

klondike.c estimated size: 1417

../USB/usb_function_generic.c
		_USBCheckVendor		CODE           	0002	0000	1

../USB/usb_function_generic.c estimated size: 1

main.c
		_USBCBErrorHand		CODE           	1005	0000	1
		_UserInit      		CODE           	1B13	0000	19
		_USBCBWakeFromS		CODE           	1003	0000	1
		_main          		CODE           	1B54	0000	23
		_USER_USB_CALLB		CODE           	1DA4	0000	63
		_USBCBStdSetDsc		CODE           	0003	0000	1
		_SendCmdReply  		CODE           	09B3	0000	169
		_USBCBInitEP   		CODE           	1B86	0000	28
		_InitializeSyst		CODE           	1B3D	0000	23
		_ProcessIO     		CODE           	1292	0000	122
		_USBCB_SOF_Hand		CODE           	1004	0000	1
		_USBCBSuspend  		CODE           	1002	0000	1
		_USBCBCheckOthe		CODE           	07FD	0000	3
		_ISRCode       		CODE           	0004	0000	14

main.c estimated size: 469

C:\Program Files (x86)\Microchip\xc8\v1.20\sources\pic\ftdiv.c
		___ftdiv       		CODE           	0BBF	0000	183

C:\Program Files (x86)\Microchip\xc8\v1.20\sources\pic\ftdiv.c estimated size: 183

C:\Program Files (x86)\Microchip\xc8\v1.20\sources\pic\bmul.c
		___bmul        		CODE           	1ADC	0000	18

C:\Program Files (x86)\Microchip\xc8\v1.20\sources\pic\bmul.c estimated size: 18

C:\Program Files (x86)\Microchip\xc8\v1.20\sources\pic\ftneg.c
		___ftneg       		CODE           	1A9D	0000	9

C:\Program Files (x86)\Microchip\xc8\v1.20\sources\pic\ftneg.c estimated size: 9

C:\Program Files (x86)\Microchip\xc8\v1.20\sources\pic\lmul.c
		___lmul        		CODE           	1006	0000	48

C:\Program Files (x86)\Microchip\xc8\v1.20\sources\pic\lmul.c estimated size: 48

../USB/usb_device.c
		_USBCtrlTrfInHa		CODE           	1152	0000	99
		_USBTransferOne		CODE           	1E6B	0000	78
		_USBStdGetDscHa		CODE           	1388	0000	127
		_USBCtrlEPAllow		CODE           	1EB9	0000	80
		_USBStdFeatureR		CODE           	055B	0000	283
		_USBCtrlEPAllow		CODE           	11B5	0000	100
		_USBCtrlTrfSetu		CODE           	1F09	0000	80
		_USBCtrlTrfOutH		CODE           	1D09	0000	45
		_USBCtrlEPServi		CODE           	1219	0000	121
		_USBSuspend    		CODE           	1BA2	0000	28
		_USBStdSetCfgHa		CODE           	15A2	0000	143
		_USBStdGetStatu		CODE           	1F59	0000	83
		_USBWakeFromSus		CODE           	1B6B	0000	27
		_USBCtrlTrfRxSe		CODE           	1758	0000	168
		_USBCtrlTrfTxSe		CODE           	1514	0000	142
		_USBEnableEndpo		CODE           	1CBA	0000	37
		_USBConfigureEn		CODE           	1DE3	0000	64
		_USBDeviceInit 		CODE           	090A	0000	169
		_USBCtrlEPServi		CODE           	130C	0000	124
		_USBStallHandle		CODE           	1C76	0000	34
		_USBDeviceTasks		CODE           	0E05	0000	247
		_USBCheckStdReq		CODE           	1093	0000	94

../USB/usb_device.c estimated size: 2373

C:\Program Files (x86)\Microchip\xc8\v1.20\sources\pic\ftmul.c
		___ftmul       		CODE           	0C76	0000	194

C:\Program Files (x86)\Microchip\xc8\v1.20\sources\pic\ftmul.c estimated size: 194

C:\Program Files (x86)\Microchip\xc8\v1.20\sources\pic\fttol.c
		___fttol       		CODE           	148D	0000	135

C:\Program Files (x86)\Microchip\xc8\v1.20\sources\pic\fttol.c estimated size: 135

C:\Program Files (x86)\Microchip\xc8\v1.20\sources\common\memset.c
		_memset        		CODE           	1C15	0000	32

C:\Program Files (x86)\Microchip\xc8\v1.20\sources\common\memset.c estimated size: 32

